// Jest Snapshot v1, https://goo.gl/fbAQLP

exports[`UrlShortenerOutput @renders renders UrlShortenerOutput without any error 1`] = `
<DocumentFragment>
  <div
    class="urlShortenerOutput"
  >
    <textarea
      class="urlShortenerOutput__link"
    />
  </div>
</DocumentFragment>
`;
