// Jest Snapshot v1, https://goo.gl/fbAQLP

exports[`AuthButtons @renders renders <AuthButtons /> without any error 1`] = `
<DocumentFragment>
  <div
    class="authButtons"
  >
    <button
      class="authButtons__login"
    >
      Login
    </button>
    <button
      class="authButtons__signup authButtons__signup--active"
    >
      Signup
    </button>
  </div>
</DocumentFragment>
`;
